node:internal/modules/cjs/loader:1146
  throw err;
  ^

Error: Cannot find module '/root/VC-Lottery-Frontend/app.js'
    at Module._resolveFilename (node:internal/modules/cjs/loader:1143:15)
    at Module._load (node:internal/modules/cjs/loader:984:27)
    at Function.executeUserEntryPoint [as runMain] (node:internal/modules/run_main:135:12)
    at node:internal/main/run_main_module:28:49 {
  code: 'MODULE_NOT_FOUND',
  requireStack: []
}

Node.js v20.12.2
node:internal/modules/cjs/loader:1146
  throw err;
  ^

Error: Cannot find module '/root/VC-Lottery-Frontend/app.js'
    at Module._resolveFilename (node:internal/modules/cjs/loader:1143:15)
    at Module._load (node:internal/modules/cjs/loader:984:27)
    at Function.executeUserEntryPoint [as runMain] (node:internal/modules/run_main:135:12)
    at node:internal/main/run_main_module:28:49 {
  code: 'MODULE_NOT_FOUND',
  requireStack: []
}

Node.js v20.12.2

> vc-lottry@0.0.0 start
> vite --host --port 3000


  VITE v5.3.3  ready in 1013 ms

  ➜  Local:   http://localhost:3000/
  ➜  Network: http://84.54.23.238:3000/
Browserslist: caniuse-lite is outdated. Please run:
  npx update-browserslist-db@latest
  Why you should do it regularly: https://github.com/browserslist/update-db#readme
Files in the public directory are served at the root path.
Instead of /public/vite.svg, use /vite.svg.
Files in the public directory are served at the root path.
Instead of /public/winner1.png, use /winner1.png.
Files in the public directory are served at the root path.
Instead of /public/vite.svg, use /vite.svg.
Files in the public directory are served at the root path.
Instead of /public/winner1.png, use /winner1.png.
Files in the public directory are served at the root path.
Instead of /public/vite.svg, use /vite.svg.
Files in the public directory are served at the root path.
Instead of /public/vite.svg, use /vite.svg.
Files in the public directory are served at the root path.
Instead of /public/winner1.png, use /winner1.png.
Files in the public directory are served at the root path.
Instead of /public/vite.svg, use /vite.svg.
Files in the public directory are served at the root path.
Instead of /public/winner1.png, use /winner1.png.
Files in the public directory are served at the root path.
Instead of /public/vite.svg, use /vite.svg.
Files in the public directory are served at the root path.
Instead of /public/vite.svg, use /vite.svg.
Files in the public directory are served at the root path.
Instead of /public/vite.svg, use /vite.svg.
Files in the public directory are served at the root path.
Instead of /public/vite.svg, use /vite.svg.
Files in the public directory are served at the root path.
Instead of /public/winner1.png, use /winner1.png.
Files in the public directory are served at the root path.
Instead of /public/vite.svg, use /vite.svg.
Files in the public directory are served at the root path.
Instead of /public/vite.svg, use /vite.svg.

> vc-lottry@0.0.0 dev
> vite

Port 5173 is in use, trying another one...

  VITE v5.3.3  ready in 458 ms

  ➜  Local:   http://localhost:5174/
  ➜  Network: use --host to expose
